// Vitest Snapshot v1

exports[`create hydrate script router 2`] = `
"
  export const hydrateRoutes = {
  [\\"directory/hello\\"]: \`// hydrate/__stub__/node_modules/runtime/reactShim.ts
import * as React from \\"https://cdn.skypack.dev/react\\";

// hydrate/__stub__/node_modules/runtime/tmp/src-pages-directory-hello.tsx
import { hydrate } from \\"https://cdn.skypack.dev/react-dom\\";

// hydrate/__stub__/src/pages/directory/hello.tsx
function HelloWorld() {
  return <h1>Hello World</h1>;
}

// hydrate/__stub__/node_modules/runtime/tmp/src-pages-directory-hello.tsx
function renderPage(props2) {
  return hydrate(/* @__PURE__ */ React.createElement(HelloWorld, {
    ...props2
  }), document.getElementById(\\"eagle-root\\"));
}
var props = {};
renderPage(props);
\`,
  [\\"index\\"]: \`// hydrate/__stub__/node_modules/runtime/reactShim.ts
import * as React from \\"https://cdn.skypack.dev/react\\";

// hydrate/__stub__/node_modules/runtime/tmp/src-pages-index.tsx
import { hydrate } from \\"https://cdn.skypack.dev/react-dom\\";

// hydrate/__stub__/src/pages/index.tsx
var test = \\"hello\\";
function HelloWorld() {
  const testMessage = \\\\\`
  \\\\\${test}\\\\\`;
  return <div>{testMessage}</div>;
}

// hydrate/__stub__/node_modules/runtime/tmp/src-pages-index.tsx
function renderPage(props2) {
  return hydrate(/* @__PURE__ */ React.createElement(HelloWorld, {
    ...props2
  }), document.getElementById(\\"eagle-root\\"));
}
var props = {};
renderPage(props);
\`
  }"
`;
